
> vite-react-typescript-starter@0.0.0 build
> vite build

[36mvite v5.4.8 [32mbuilding for production...[36m[39m
transforming...
[32mΓ£ô[39m 2978 modules transformed.
rendering chunks...
computing gzip size...
[2mdist/[22m[32mindex.html                 [39m[1m[2m    0.70 kB[22m[1m[22m[2m Γöé gzip:   0.38 kB[22m
[2mdist/[22m[35massets/index-B6y9e2M6.css  [39m[1m[2m  130.00 kB[22m[1m[22m[2m Γöé gzip:  18.01 kB[22m
[2mdist/[22m[36massets/index-BSVWOj2J.js   [39m[1m[33m1,934.48 kB[39m[22m[2m Γöé gzip: 500.48 kB[22m
[32mΓ£ô built in 8.57s[39m
