
> vite-react-typescript-starter@0.0.0 typecheck
> tsc --noEmit -p tsconfig.app.json

src/components/AuPairOnboarding.tsx(204,21): error TS2304: Cannot find name 'validateField'.
src/components/AuPairOnboarding.tsx(389,11): error TS2339: Property 'value' does not exist on type '{ code: string; en: string; zh: string; }'.
src/components/AuPairOnboarding.tsx(390,34): error TS2339: Property 'label_zh' does not exist on type '{ code: string; en: string; zh: string; }'.
src/components/AuPairOnboarding.tsx(390,47): error TS2339: Property 'label_en' does not exist on type '{ code: string; en: string; zh: string; }'.
src/components/AuPairOnboarding.tsx(940,28): error TS2304: Cannot find name 'Trash2'.
src/components/AuPairOnboarding.tsx(946,20): error TS2304: Cannot find name 'Button'.
src/components/AuPairOnboarding.tsx(948,21): error TS2304: Cannot find name 'Button'.
src/components/AuPairOnboarding.tsx(1083,17): error TS2304: Cannot find name 'ArrowRight'.
src/components/AuPairOnboarding.tsx(1113,8): error TS2304: Cannot find name 'Modal'.
src/components/AuPairOnboarding.tsx(1139,9): error TS2304: Cannot find name 'Modal'.
src/components/AuPairOnboardingOld.tsx(102,47): error TS2345: Argument of type '{ languages: any; profile_status: string; display_name: string; age: number | null; gender: string; nationality: string; current_country: string; current_city: string; education_level: string; ... 19 more ...; experience_videos: string[]; }' is not assignable to parameter of type 'Partial<AuPairProfile>'.
  Types of property 'age' are incompatible.
    Type 'number | null' is not assignable to type 'number | undefined'.
      Type 'null' is not assignable to type 'number | undefined'.
src/components/AuPairOnboardingOld.tsx(633,15): error TS2322: Type '{ children: (string | Element)[]; onClick: () => Promise<void>; loading: boolean; disabled: boolean; className: string; size: "sm"; }' is not assignable to type 'IntrinsicAttributes & ButtonProps & RefAttributes<HTMLButtonElement>'.
  Property 'loading' does not exist on type 'IntrinsicAttributes & ButtonProps & RefAttributes<HTMLButtonElement>'. Did you mean 'isLoading'?
src/components/EducationInterestForm.tsx(117,11): error TS2322: Type 'string | undefined' is not assignable to type 'string'.
  Type 'undefined' is not assignable to type 'string'.
src/components/EducationInterestForm.tsx(124,11): error TS2322: Type 'string | undefined' is not assignable to type 'string'.
  Type 'undefined' is not assignable to type 'string'.
src/components/ErrorBoundary.tsx(35,40): error TS2322: Type '{ children: string; className: string; leftIcon: Element; }' is not assignable to type 'IntrinsicAttributes & ButtonProps & RefAttributes<HTMLButtonElement>'.
  Property 'leftIcon' does not exist on type 'IntrinsicAttributes & ButtonProps & RefAttributes<HTMLButtonElement>'.
src/components/HostFamilyOnboarding.tsx(238,21): error TS2304: Cannot find name 'validateField'.
src/components/HostFamilyOnboarding.tsx(492,11): error TS2339: Property 'value' does not exist on type '{ code: string; en: string; zh: string; }'.
src/components/HostFamilyOnboarding.tsx(493,14): error TS2339: Property 'label_en' does not exist on type '{ code: string; en: string; zh: string; }'.
src/components/HostFamilyOnboarding.tsx(1078,17): error TS2304: Cannot find name 'ArrowRight'.
src/components/HostFamilyOnboarding.tsx(1108,8): error TS2304: Cannot find name 'Modal'.
src/components/HostFamilyOnboarding.tsx(1134,9): error TS2304: Cannot find name 'Modal'.
src/components/HostFamilyOnboardingOld.tsx(332,15): error TS2322: Type '{ children: (string | Element)[]; onClick: () => Promise<void>; loading: boolean; disabled: boolean; className: string; }' is not assignable to type 'IntrinsicAttributes & ButtonProps & RefAttributes<HTMLButtonElement>'.
  Property 'loading' does not exist on type 'IntrinsicAttributes & ButtonProps & RefAttributes<HTMLButtonElement>'. Did you mean 'isLoading'?
src/pages/AuPairBrowsePage.tsx(250,18): error TS2304: Cannot find name 'RefreshCw'.
src/pages/AuPairBrowsePage.tsx(263,18): error TS2304: Cannot find name 'Heart'.
src/pages/AuPairBrowsePage.tsx(309,25): error TS2304: Cannot find name 'ChevronDown'.
src/pages/AuPairBrowsePage.tsx(341,23): error TS2304: Cannot find name 'Search'.
src/pages/AuPairEditProfilePage.tsx(67,31): error TS2304: Cannot find name 'supabase'.
src/pages/AuPairEditProfilePage.tsx(90,24): error TS2304: Cannot find name 'Loading'.
src/pages/AuPairEditProfilePage.tsx(151,20): error TS2304: Cannot find name 'Textarea'.
src/pages/AuPairEditProfilePage.tsx(153,32): error TS7006: Parameter 'e' implicitly has an 'any' type.
src/pages/AuPairEditProfilePage.tsx(176,24): error TS2304: Cannot find name 'Input'.
src/pages/AuPairEditProfilePage.tsx(180,36): error TS7006: Parameter 'e' implicitly has an 'any' type.
src/pages/AuPairEditProfilePage.tsx(186,24): error TS2304: Cannot find name 'Input'.
src/pages/AuPairEditProfilePage.tsx(188,36): error TS7006: Parameter 'e' implicitly has an 'any' type.
src/pages/AuPairEditProfilePage.tsx(209,21): error TS2304: Cannot find name 'Input'.
src/pages/AuPairEditProfilePage.tsx(211,34): error TS7006: Parameter 'e' implicitly has an 'any' type.
src/pages/AuPairEditProfilePage.tsx(211,113): error TS7006: Parameter 's' implicitly has an 'any' type.
src/pages/AuPairPage.tsx(399,42): error TS2353: Object literal may only specify known properties, and 'shadow' does not exist in type 'string[] | TargetAndTransition'.
src/pages/AuPairProfilePage.tsx(389,26): error TS2304: Cannot find name 'Baby'.
src/pages/CreateEventPage.tsx(66,9): error TS1117: An object literal cannot have multiple properties with the same name.
src/pages/DashboardPage.tsx(513,12): error TS2741: Property 'onToggleFavorite' is missing in type '{ program: any; }' but required in type 'EducationCardProps'.
src/pages/DashboardPage.tsx(556,123): error TS2304: Cannot find name 't'.
src/pages/DashboardPage.tsx(556,168): error TS2304: Cannot find name 't'.
src/pages/DashboardPage.tsx(563,108): error TS2304: Cannot find name 't'.
src/pages/DashboardPage.tsx(598,81): error TS2304: Cannot find name 't'.
src/pages/DashboardPage.tsx(612,106): error TS2304: Cannot find name 't'.
src/pages/DashboardPage.tsx(619,28): error TS2304: Cannot find name 't'.
src/pages/EducationApplicationsPage.tsx(110,12): error TS2304: Cannot find name 't'.
src/pages/EducationApplicationsPage.tsx(110,33): error TS2304: Cannot find name 't'.
src/pages/EducationApplicationsPage.tsx(114,66): error TS2304: Cannot find name 't'.
src/pages/EducationApplicationsPage.tsx(115,49): error TS2304: Cannot find name 't'.
src/pages/EducationApplicationsPage.tsx(121,53): error TS2304: Cannot find name 't'.
src/pages/EducationApplicationsPage.tsx(125,53): error TS2304: Cannot find name 't'.
src/pages/EducationApplicationsPage.tsx(129,53): error TS2304: Cannot find name 't'.
src/pages/EducationApplicationsPage.tsx(133,53): error TS2304: Cannot find name 't'.
src/pages/EducationApplicationsPage.tsx(137,53): error TS2304: Cannot find name 't'.
src/pages/EducationApplicationsPage.tsx(143,66): error TS2304: Cannot find name 't'.
src/pages/EducationApplicationsPage.tsx(150,16): error TS2304: Cannot find name 't'.
src/pages/EducationApplicationsPage.tsx(158,16): error TS2304: Cannot find name 't'.
src/pages/EducationApplicationsPage.tsx(166,16): error TS2304: Cannot find name 't'.
src/pages/EducationApplicationsPage.tsx(174,16): error TS2304: Cannot find name 't'.
src/pages/EducationApplicationsPage.tsx(182,16): error TS2304: Cannot find name 't'.
src/pages/EducationApplicationsPage.tsx(191,35): error TS2304: Cannot find name 't'.
src/pages/EducationApplicationsPage.tsx(191,67): error TS2304: Cannot find name 't'.
src/pages/EducationApplicationsPage.tsx(195,19): error TS2304: Cannot find name 't'.
src/pages/EducationApplicationsPage.tsx(196,19): error TS2304: Cannot find name 't'.
src/pages/EducationApplicationsPage.tsx(200,26): error TS2304: Cannot find name 't'.
src/pages/EducationApplicationsPage.tsx(209,47): error TS2304: Cannot find name 't'.
src/pages/EducationApplicationsPage.tsx(222,28): error TS2304: Cannot find name 't'.
src/pages/EducationApplicationsPage.tsx(236,34): error TS2304: Cannot find name 't'.
src/pages/EducationApplicationsPage.tsx(241,36): error TS2304: Cannot find name 't'.
src/pages/EducationApplicationsPage.tsx(247,36): error TS2304: Cannot find name 't'.
src/pages/EducationApplicationsPage.tsx(256,56): error TS2304: Cannot find name 't'.
src/pages/EducationApplicationsPage.tsx(266,26): error TS2304: Cannot find name 't'.
src/pages/EducationApplicationsPage.tsx(273,67): error TS2304: Cannot find name 't'.
src/pages/EducationApplicationsPage.tsx(275,26): error TS2304: Cannot find name 't'.
src/pages/EventDetailPage.tsx(67,13): error TS2304: Cannot find name 't'.
src/pages/EventDetailPage.tsx(80,13): error TS2304: Cannot find name 't'.
src/pages/EventDetailPage.tsx(94,13): error TS2304: Cannot find name 't'.
src/pages/EventDetailPage.tsx(111,66): error TS2304: Cannot find name 't'.
src/pages/EventDetailPage.tsx(111,95): error TS2304: Cannot find name 't'.
src/pages/EventDetailPage.tsx(112,46): error TS2304: Cannot find name 't'.
src/pages/EventDetailPage.tsx(112,75): error TS2304: Cannot find name 't'.
src/pages/EventDetailPage.tsx(114,22): error TS2304: Cannot find name 't'.
src/pages/PersonalizedHomePage.tsx(314,63): error TS2304: Cannot find name 't'.
src/pages/PersonalizedHomePage.tsx(315,63): error TS2304: Cannot find name 't'.
src/pages/PersonalizedHomePage.tsx(316,64): error TS2304: Cannot find name 't'.
src/pages/PersonalizedHomePage.tsx(317,72): error TS2304: Cannot find name 't'.
src/pages/PersonalizedHomePage.tsx(318,72): error TS2304: Cannot find name 't'.
src/pages/PersonalizedHomePage.tsx(319,64): error TS2304: Cannot find name 't'.
src/pages/PersonalizedHomePage.tsx(335,57): error TS2304: Cannot find name 't'.
src/pages/PersonalizedHomePage.tsx(337,21): error TS2304: Cannot find name 't'.
src/pages/VisaPage.tsx(194,42): error TS2353: Object literal may only specify known properties, and 'shadow' does not exist in type 'string[] | TargetAndTransition'.
